Microchip MPLAB XC8 Compiler V2.41

Linker command line:

-W-3 \
  --edf=C:\Program Files\Microchip\xc8\v2.41\pic\dat\20230208172133_en.msgs \
  -cn \
  -h+dist/default/production\USART_With_Two_Led_Second_Project.production.sym \
  --cmf=dist/default/production\USART_With_Two_Led_Second_Project.production.cmf \
  -z -Q18F4620 \
  -oC:\Users\MOHAME~1.MOH\AppData\Local\Temp\xcAseo.\driver_tmp_3.o \
  --defsym=__MPLAB_BUILD=1 --fixupoverflow=error \
  -Mdist/default/production/USART_With_Two_Led_Second_Project.production.map \
  --md=C:\Users\MOHAME~1.MOH\AppData\Local\Temp\xcAseo.\driver_tmp_0.dat \
  -E1 -ver=XC8 Compiler --acfsm=1493 -ACODE=00h-0FFFFh -ACONST=00h-0FFFFh \
  -ASMALLCONST=01000h-010FFhx240 -AMEDIUMCONST=01000h-0FFFFh \
  -ACOMRAM=01h-07Fh -AABS1=00h-0F7Fh -ABIGRAM=01h-0F7Fh \
  -ARAM=080h-0FFh,0100h-01FFhx14,0F00h-0F7Fh -ABANK0=080h-0FFh \
  -ABANK1=0100h-01FFh -ABANK2=0200h-02FFh -ABANK3=0300h-03FFh \
  -ABANK4=0400h-04FFh -ABANK5=0500h-05FFh -ABANK6=0600h-06FFh \
  -ABANK7=0700h-07FFh -ABANK8=0800h-08FFh -ABANK9=0900h-09FFh \
  -ABANK10=0A00h-0AFFh -ABANK11=0B00h-0BFFh -ABANK12=0C00h-0CFFh \
  -ABANK13=0D00h-0DFFh -ABANK14=0E00h-0EFFh -ABANK15=0F00h-0F7Fh \
  -ASFR=0F80h-0FFFh -ABIGSFR=0F80h-0FFFh -ACONFIG=0300000h-030000Dh \
  -AIDLOC=0200000h-0200007h -AEEDATA=0F00000h-0F003FFh -peeprom_data=EEDATA \
  -preset_vec=00h,intcode=08h,intcodelo,powerup,init -pramtop=01000h \
  -psmallconst=SMALLCONST -pmediumconst=MEDIUMCONST -pconst=CONST \
  -AFARRAM=00h-00h \
  -prdata=COMRAM,nvrram=COMRAM,nvbit=COMRAM,rbss=COMRAM,rbit=COMRAM \
  -pfarbss=FARRAM,fardata=FARRAM,nvFARRAM=FARRAM \
  -pintsave_regs=BIGRAM,bigbss=BIGRAM,bigdata=BIGRAM -pbss=RAM \
  -pidata=CODE,irdata=CODE,ibigdata=CODE,ifardata=CODE -prparam=COMRAM \
  C:\Users\MOHAME~1.MOH\AppData\Local\Temp\xcAseo.\driver_tmp_9.o \
  dist/default/production\USART_With_Two_Led_Second_Project.production.o 

Object code version is 3.11

Machine type is 18F4620



                Name                               Link     Load   Length Selector   Space Scale
C:\Users\MOHAME~1.MOH\AppData\Local\Temp\xcAseo.\driver_tmp_9.o
                idloc                            200000   200000        8        0       5
                config                           300000   300000        E        0       4
                init                                  E        E        4        4       0
                reset_vec                             0        0        4        0       0
dist/default/production\USART_With_Two_Led_Second_Project.production.o
                intcode                               8        8        6        4       0
                idloc                            200000   200000        8        0       5
                config                           300000   300000        E        0       4
                temp                                 66       66        1        1       1
                smallconst                         1000     1000       3C      800       0
                text52                             343A     343A        4      81E       0
                text51                             3436     3436        4      81E       0
                text50                             3432     3432        4      81E       0
                text49                             342E     342E        4      81E       0
                text48                             342A     342A        4      81E       0
                text47                             3426     3426        4      81E       0
                text46                             3422     3422        4      81E       0
                text45                             341E     341E        4      81E       0
                text44                             33A2     33A2       1A      81E       0
                text43                             3388     3388       1A      81E       0
                text42                             336E     336E       1A      81E       0
                text41                             3354     3354       1A      81E       0
                text40                             33F2     33F2        C      81E       0
                text39                             33E6     33E6        C      81E       0
                text38                             33FE     33FE        8      81E       0
                text37                             33DA     33DA        C      81E       0
                text36                             32CE     32CE       2A      81E       0
                text35                             33CC     33CC        E      81E       0
                text34                             3418     3418        6      81E       0
                text33                             3412     3412        6      81E       0
                text32                             333A     333A       1A      81E       0
                text31                             310C     310C       56      81E       0
                text30                             282E     282E      122      81E       0
                text29                             2EEE     2EEE       76      81E       0
                text28                             2E78     2E78       76      81E       0
                text27                             2A56     2A56      106      81E       0
                text26                             2D7C     2D7C       80      81E       0
                text25                             33BC     33BC       10      81E       0
                text24                             32A0     32A0       2E      81E       0
                intcode_body                       19EA     19EA      436      81E       0
                text22                             236E     236E      144      81E       0
                text21                             24B2     24B2      12C      81E       0
                text20                             2FD6     2FD6       6C      81E       0
                text19                             323C     323C       36      81E       0
                text18                             3042     3042       68      81E       0
                text17                             2F64     2F64       72      81E       0
                text16                             2706     2706      128      81E       0
                text15                             3206     3206       36      81E       0
                text14                             2CEC     2CEC       90      81E       0
                text13                             25DE     25DE      128      81E       0
                text12                             3320     3320       1A      81E       0
                text11                             340C     340C        6      81E       0
                text10                             2DFC     2DFC       7C      81E       0
                text9                              2B5C     2B5C       DC      81E       0
                text8                              2C38     2C38       B4      81E       0
                text7                              1528     1528      4C2      81E       0
                text6                              1E20     1E20      39A      81E       0
                text5                              2950     2950      106      81E       0
                text4                              21BA     21BA      1B4      81E       0
                text3                              103C     103C      4EC      81E       0
                text2                              31B4     31B4       52      81E       0
                text1                              3162     3162       52      81E       0
                text0                              32F8     32F8       28      81E       0
                cstackCOMRAM                          1        1       46        1       1
                cstackBANK0                          E6       E6       19       80       1
                cstackBANK1                         100      100       12      100       1
                dataBANK0                            B8       B8       2E       80       1
                bssBANK0                             80       80       38       80       1
                dataCOMRAM                           60       60        6        1       1
                bssCOMRAM                            47       47       19        1       1
                cinit                              30AA     30AA       62      81E       0
                idataBANK0                         3272     3272       2E      81E       0
                idataCOMRAM                        3406     3406        6      81E       0

TOTAL           Name                               Link     Load   Length     Space
        CLASS   CODE           
                intcode                               8        8        6         0
                init                                  E        E        4         0
                reset_vec                             0        0        4         0
                text52                             343A     343A        4         0
                text51                             3436     3436        4         0
                text50                             3432     3432        4         0
                text49                             342E     342E        4         0
                text48                             342A     342A        4         0
                text47                             3426     3426        4         0
                text46                             3422     3422        4         0
                text45                             341E     341E        4         0
                text44                             33A2     33A2       1A         0
                text43                             3388     3388       1A         0
                text42                             336E     336E       1A         0
                text41                             3354     3354       1A         0
                text40                             33F2     33F2        C         0
                text39                             33E6     33E6        C         0
                text38                             33FE     33FE        8         0
                text37                             33DA     33DA        C         0
                text36                             32CE     32CE       2A         0
                text35                             33CC     33CC        E         0
                text34                             3418     3418        6         0
                text33                             3412     3412        6         0
                text32                             333A     333A       1A         0
                text31                             310C     310C       56         0
                text30                             282E     282E      122         0
                text29                             2EEE     2EEE       76         0
                text28                             2E78     2E78       76         0
                text27                             2A56     2A56      106         0
                text26                             2D7C     2D7C       80         0
                text25                             33BC     33BC       10         0
                text24                             32A0     32A0       2E         0
                intcode_body                       19EA     19EA      436         0
                text22                             236E     236E      144         0
                text21                             24B2     24B2      12C         0
                text20                             2FD6     2FD6       6C         0
                text19                             323C     323C       36         0
                text18                             3042     3042       68         0
                text17                             2F64     2F64       72         0
                text16                             2706     2706      128         0
                text15                             3206     3206       36         0
                text14                             2CEC     2CEC       90         0
                text13                             25DE     25DE      128         0
                text12                             3320     3320       1A         0
                text11                             340C     340C        6         0
                text10                             2DFC     2DFC       7C         0
                text9                              2B5C     2B5C       DC         0
                text8                              2C38     2C38       B4         0
                text7                              1528     1528      4C2         0
                text6                              1E20     1E20      39A         0
                text5                              2950     2950      106         0
                text4                              21BA     21BA      1B4         0
                text3                              103C     103C      4EC         0
                text2                              31B4     31B4       52         0
                text1                              3162     3162       52         0
                text0                              32F8     32F8       28         0
                cinit                              30AA     30AA       62         0
                idataBANK0                         3272     3272       2E         0
                idataCOMRAM                        3406     3406        6         0

        CLASS   CONST          

        CLASS   SMALLCONST     
                smallconst                         1000     1000       3C         0

        CLASS   MEDIUMCONST    

        CLASS   COMRAM         
                temp                                 66       66        1         1
                cstackCOMRAM                          1        1       46         1
                dataCOMRAM                           60       60        6         1
                bssCOMRAM                            47       47       19         1

        CLASS   ABS1           

        CLASS   BIGRAM         

        CLASS   RAM            

        CLASS   BANK0          
                cstackBANK0                          E6       E6       19         1
                dataBANK0                            B8       B8       2E         1
                bssBANK0                             80       80       38         1

        CLASS   BANK1          
                cstackBANK1                         100      100       12         1

        CLASS   BANK2          

        CLASS   BANK3          

        CLASS   BANK4          

        CLASS   BANK5          

        CLASS   BANK6          

        CLASS   BANK7          

        CLASS   BANK8          

        CLASS   BANK9          

        CLASS   BANK10         

        CLASS   BANK11         

        CLASS   BANK12         

        CLASS   BANK13         

        CLASS   BANK14         

        CLASS   BANK15         

        CLASS   SFR            

        CLASS   BIGSFR         

        CLASS   CONFIG         
                config                           300000   300000        E         4

        CLASS   IDLOC          
                idloc                            200000   200000        8         5

        CLASS   EEDATA         

        CLASS   FARRAM         

        CLASS   HEAP           

        CLASS   STACK          



SEGMENTS        Name                           Load    Length   Top    Selector   Space  Class

                reset_vec                      000000  000004  000004         0       0  CODE    
                cstackCOMRAM                   000001  000066  000067         1       1  COMRAM  
                intcode                        000008  00000A  000012         4       0  CODE    
                bssBANK0                       000080  00007F  0000FF        80       1  BANK0   
                cstackBANK1                    000100  000012  000112       100       1  BANK1   
                smallconst                     001000  00003C  00103C       800       0  SMALLCON
                text3                          00103C  002402  00343E       81E       0  CODE    


UNUSED ADDRESS RANGES

        Name                Unused          Largest block    Delta
        BANK0            0000FF-0000FF                1
        BANK1            000112-0001FF               EE
        BANK10           000A00-000AFF              100
        BANK11           000B00-000BFF              100
        BANK12           000C00-000CFF              100
        BANK13           000D00-000DFF              100
        BANK14           000E00-000EFF              100
        BANK15           000F00-000F7F               80
        BANK2            000200-0002FF              100
        BANK3            000300-0003FF              100
        BANK4            000400-0004FF              100
        BANK5            000500-0005FF              100
        BANK6            000600-0006FF              100
        BANK7            000700-0007FF              100
        BANK8            000800-0008FF              100
        BANK9            000900-0009FF              100
        BIGRAM           000067-00007F               19
                         0000FF-0000FF                1
                         000112-000F7F              E6E
        BIGSFR           000F80-000FFF               80
        CODE             000004-000007                4
                         000012-000FFF              FEE
                         00343E-00FFFF             CBC2
        COMRAM           000067-00007F               19
        CONST            000004-000007                4
                         000012-000FFF              FEE
                         00343E-00FFFF             CBC2
        EEDATA           F00000-F003FF              400
        MEDIUMCONST      00343E-00FFFF             CBC2
        RAM              0000FF-0000FF                1
                         000112-000F7F              100
        SFR              000F80-000FFF               80
        SMALLCONST       00343E-00FFFF              100

                                  Symbol Table

?___fladd                                            cstackBANK0  0000E6
?___fldiv                                            cstackCOMRAM 000028
?___fltol                                            cstackCOMRAM 00001A
?___xxtofl                                           cstackCOMRAM 00001A
CCP_Set_Compare_Mode_Value@F3106                     bssBANK0     0000B2
RB4_ISR@RB4_Source                                   cstackCOMRAM 000001
RB5_ISR@RB5_Source                                   cstackCOMRAM 000001
RB6_ISR@RB6_Source                                   cstackCOMRAM 000001
RB7_ISR@RB7_Source                                   cstackCOMRAM 000001
USART_ASYNCRONOUS_RX_Init@_usart                     cstackCOMRAM 00001A
USART_ASYNCRONOUS_TX_Init@_usart                     cstackCOMRAM 00001A
USART_Asynchronous_Initialize@_usart                 cstackBANK0  0000FC
USART_Asynchronous_Initialize@ret                    cstackBANK0  0000FE
USART_Asynchronous_ReadByte_NonBlocking@_data        cstackCOMRAM 000001
USART_Asynchronous_ReadByte_NonBlocking@ret          cstackCOMRAM 000003
USART_Asynchronous_WriteByte_Blocking@_data          cstackCOMRAM 000001
USART_Asynchronous_WriteString_Blocking@_data        cstackCOMRAM 000002
USART_Asynchronous_WriteString_Blocking@char_counter cstackCOMRAM 000009
USART_Asynchronous_WriteString_Blocking@ret          cstackCOMRAM 000008
USART_Asynchronous_WriteString_Blocking@str_length   cstackCOMRAM 000004
USART_Baud_Rate_Calculation@Baud_Rate_Temp_Value     cstackBANK0  0000F4
USART_Baud_Rate_Calculation@_usart                   cstackCOMRAM 000045
USART_FramingDefaultErrorHandler@_data_              cstackCOMRAM 000004
_ADCON0bits                                          (abs)        000FC2
_ADCON1bits                                          (abs)        000FC1
_ADCON2bits                                          (abs)        000FC0
_ADC_ISR                                             text52       00343A
_ADC_InterruptHandler                                bssCOMRAM    000055
_ADRESH                                              (abs)        000FC4
_ADRESL                                              (abs)        000FC3
_BAUDCONbits                                         (abs)        000FB8
_CCP1CONbits                                         (abs)        000FBD
_CCP1_ISR                                            text51       003436
_CCP1_InterruptHandler                               bssBANK0     0000B6
_CCP2CONbits                                         (abs)        000FBA
_CCP2_ISR                                            text50       003432
_CCP2_InterruptHandler                               bssBANK0     0000B4
_CCPR1H                                              (abs)        000FBF
_CCPR1L                                              (abs)        000FBE
_CCPR2H                                              (abs)        000FBC
_CCPR2L                                              (abs)        000FBB
_EEADR                                               (abs)        000FA9
_EEADRH                                              (abs)        000FAA
_EECON1bits                                          (abs)        000FA6
_EECON2                                              (abs)        000FA7
_EEDATA                                              (abs)        000FA8
_INT0_ISR                                            text49       00342E
_INT0_InterruptHandler                               bssBANK0     0000AA
_INT1_ISR                                            text48       00342A
_INT1_InterruptHandler                               bssBANK0     0000A8
_INT2_ISR                                            text47       003426
_INT2_InterruptHandler                               bssBANK0     0000A6
_INTCON2bits                                         (abs)        000FF1
_INTCON3bits                                         (abs)        000FF0
_INTCONbits                                          (abs)        000FF2
_InterruptManager                                    intcode      000008
_LATA                                                (abs)        000F89
_LATB                                                (abs)        000F8A
_LATC                                                (abs)        000F8B
_LATD                                                (abs)        000F8C
_LATE                                                (abs)        000F8D
_MSSP_I2C_BC_ISR                                     text46       003422
_MSSP_I2C_DefaultInterruptHandler                    bssBANK0     0000B0
_MSSP_I2C_ISR                                        text45       00341E
_MSSP_I2C_Report_Receive_Overflow_InterruptHandler   bssBANK0     0000AC
_MSSP_I2C_Report_Write_Collision_InterruptHandler    bssBANK0     0000AE
_PIE1bits                                            (abs)        000F9D
_PIE2bits                                            (abs)        000FA0
_PIR1bits                                            (abs)        000F9E
_PIR2bits                                            (abs)        000FA1
_PORTA                                               (abs)        000F80
_PORTB                                               (abs)        000F81
_PORTBbits                                           (abs)        000F81
_PORTC                                               (abs)        000F82
_PORTD                                               (abs)        000F83
_PORTE                                               (abs)        000F84
_RB4_Flag                                            dataCOMRAM   000063
_RB4_ISR                                             text44       0033A2
_RB4_InterruptHandler_HIGH                           bssBANK0     0000A4
_RB4_InterruptHandler_LOW                            bssBANK0     0000A2
_RB5_Flag                                            dataCOMRAM   000062
_RB5_ISR                                             text43       003388
_RB5_InterruptHandler_HIGH                           bssBANK0     0000A0
_RB5_InterruptHandler_LOW                            bssBANK0     00009E
_RB6_Flag                                            dataCOMRAM   000061
_RB6_ISR                                             text42       00336E
_RB6_InterruptHandler_HIGH                           bssBANK0     00009C
_RB6_InterruptHandler_LOW                            bssBANK0     00009A
_RB7_Flag                                            dataCOMRAM   000060
_RB7_ISR                                             text41       003354
_RB7_InterruptHandler_HIGH                           bssBANK0     000098
_RB7_InterruptHandler_LOW                            bssBANK0     000096
_RCREG                                               (abs)        000FAE
_RCSTAbits                                           (abs)        000FAB
_SPBRG                                               (abs)        000FAF
_SPBRGH                                              (abs)        000FB0
_SSPADD                                              (abs)        000FC8
_SSPBUF                                              (abs)        000FC9
_SSPCON1bits                                         (abs)        000FC6
_SSPCON2bits                                         (abs)        000FC5
_SSPSTATbits                                         (abs)        000FC7
_T0CONbits                                           (abs)        000FD5
_T1CONbits                                           (abs)        000FCD
_T2CONbits                                           (abs)        000FCA
_T3CONbits                                           (abs)        000FB1
_TMR0H                                               (abs)        000FD7
_TMR0L                                               (abs)        000FD6
_TMR0_ISR                                            text40       0033F2
_TMR0_InterruptHandler                               bssBANK0     000094
_TMR1H                                               (abs)        000FCF
_TMR1L                                               (abs)        000FCE
_TMR1_ISR                                            text39       0033E6
_TMR1_InterruptHandler                               bssBANK0     000092
_TMR2                                                (abs)        000FCC
_TMR2_ISR                                            text38       0033FE
_TMR2_InterruptHandler                               bssBANK0     000090
_TMR3H                                               (abs)        000FB3
_TMR3L                                               (abs)        000FB2
_TMR3_ISR                                            text37       0033DA
_TMR3_InterruptHandler                               bssBANK0     00008E
_TRISA                                               (abs)        000F92
_TRISB                                               (abs)        000F93
_TRISC                                               (abs)        000F94
_TRISCbits                                           (abs)        000F94
_TRISD                                               (abs)        000F95
_TRISE                                               (abs)        000F96
_TXREG                                               (abs)        000FAD
_TXSTAbits                                           (abs)        000FAC
_USART_ASYNCRONOUS_RX_Init                           text9        002B5C
_USART_ASYNCRONOUS_TX_Init                           text8        002C38
_USART_Asynchronous_Initialize                       text2        0031B4
_USART_Asynchronous_ReadByte_NonBlocking             text36       0032CE
_USART_Asynchronous_Restart_RX                       text34       003418
_USART_Asynchronous_WriteByte_Blocking               text32       00333A
_USART_Asynchronous_WriteString_Blocking             text31       00310C
_USART_Baud_Rate_Calculation                         text3        00103C
_USART_Baud_Rate_Calculation$5135                    cstackBANK0  0000F8
_USART_FramingDefaultErrorHandler                    text35       0033CC
_USART_FramingErrorHandler                           bssCOMRAM    000049
_USART_OverrunDefaultErrorHandler                    text33       003412
_USART_OverrunErrorHandler                           bssCOMRAM    000047
_USART_RX_ISR                                        text26       002D7C
_USART_RxDefaultInterruptHandler                     text27       002A56
_USART_RxDefaultInterruptHandler@hal_usart$F3870     bssCOMRAM    00004B
_USART_TX_ISR                                        text24       0032A0
_USART_TxDefaultInterruptHandler                     text25       0033BC
_USART_TxDefaultInterruptHandler@hal_usart$F3869     bssCOMRAM    00004D
__HRAM                                               (abs)        000000
__H__absolute__                                      __absolute__ 000000
__Habs1                                              abs1         000000
__Hbank0                                             bank0        000000
__Hbank1                                             bank1        000000
__Hbank10                                            bank10       000000
__Hbank11                                            bank11       000000
__Hbank12                                            bank12       000000
__Hbank13                                            bank13       000000
__Hbank14                                            bank14       000000
__Hbank15                                            bank15       000000
__Hbank2                                             bank2        000000
__Hbank3                                             bank3        000000
__Hbank4                                             bank4        000000
__Hbank5                                             bank5        000000
__Hbank6                                             bank6        000000
__Hbank7                                             bank7        000000
__Hbank8                                             bank8        000000
__Hbank9                                             bank9        000000
__Hbigbss                                            bigbss       000000
__Hbigdata                                           bigdata      000000
__Hbigram                                            bigram       000000
__Hbigsfr                                            bigsfr       000000
__Hbss                                               bss          000000
__HbssBANK0                                          bssBANK0     000000
__HbssCOMRAM                                         bssCOMRAM    000000
__Hcinit                                             cinit        000000
__Hclrtext                                           clrtext      000000
__Hcomram                                            comram       000000
__Hconfig                                            config       30000E
__Hconst                                             const        000000
__HcstackBANK0                                       cstackBANK0  000000
__HcstackBANK1                                       cstackBANK1  000000
__HcstackCOMRAM                                      cstackCOMRAM 000000
__Hdata                                              data         000000
__HdataBANK0                                         dataBANK0    000000
__HdataCOMRAM                                        dataCOMRAM   000000
__Heeprom_data                                       eeprom_data  000000
__Hfarbss                                            farbss       000000
__Hfardata                                           fardata      000000
__Hheap                                              heap         000000
__Hibigdata                                          ibigdata     000000
__Hidata                                             idata        000000
__HidataBANK0                                        idataBANK0   000000
__HidataCOMRAM                                       idataCOMRAM  000000
__Hidloc                                             idloc        200008
__Hifardata                                          ifardata     000000
__Hinit                                              init         000012
__Hintcode                                           intcode      00000E
__Hintcode_body                                      intcode_body 000000
__Hintcodelo                                         intcodelo    00000E
__Hintentry                                          intentry     000000
__Hintret                                            intret       000000
__Hintsave_regs                                      intsave_regs 000000
__Hirdata                                            irdata       000000
__Hmediumconst                                       mediumconst  000000
__HnvFARRAM                                          nvFARRAM     000000
__Hnvbit                                             nvbit        000000
__Hnvrram                                            nvrram       000000
__Hparam                                             rparam       000000
__Hpowerup                                           powerup      00000E
__Hram                                               ram          000000
__Hramtop                                            ramtop       001000
__Hrbit                                              rbit         000000
__Hrbss                                              rbss         000000
__Hrdata                                             rdata        000000
__Hreset_vec                                         reset_vec    000004
__Hrparam                                            rparam       000000
__Hsfr                                               sfr          000000
__Hsmallconst                                        smallconst   00103C
__Hspace_0                                           (abs)        00343E
__Hspace_1                                           (abs)        000112
__Hspace_2                                           (abs)        000000
__Hspace_4                                           (abs)        60000E
__Hstack                                             stack        000000
__Hstruct                                            struct       000000
__Htemp                                              temp         000067
__Htext                                              text         000000
__Htext0                                             text0        000000
__Htext1                                             text1        000000
__Htext10                                            text10       000000
__Htext11                                            text11       000000
__Htext12                                            text12       000000
__Htext13                                            text13       000000
__Htext14                                            text14       000000
__Htext15                                            text15       000000
__Htext16                                            text16       000000
__Htext17                                            text17       000000
__Htext18                                            text18       000000
__Htext19                                            text19       000000
__Htext2                                             text2        000000
__Htext20                                            text20       000000
__Htext21                                            text21       000000
__Htext22                                            text22       000000
__Htext24                                            text24       000000
__Htext25                                            text25       000000
__Htext26                                            text26       000000
__Htext27                                            text27       000000
__Htext28                                            text28       000000
__Htext29                                            text29       000000
__Htext3                                             text3        000000
__Htext30                                            text30       000000
__Htext31                                            text31       000000
__Htext32                                            text32       000000
__Htext33                                            text33       000000
__Htext34                                            text34       000000
__Htext35                                            text35       000000
__Htext36                                            text36       000000
__Htext37                                            text37       000000
__Htext38                                            text38       000000
__Htext39                                            text39       000000
__Htext4                                             text4        000000
__Htext40                                            text40       000000
__Htext41                                            text41       000000
__Htext42                                            text42       000000
__Htext43                                            text43       000000
__Htext44                                            text44       000000
__Htext45                                            text45       000000
__Htext46                                            text46       000000
__Htext47                                            text47       000000
__Htext48                                            text48       000000
__Htext49                                            text49       000000
__Htext5                                             text5        000000
__Htext50                                            text50       000000
__Htext51                                            text51       000000
__Htext52                                            text52       000000
__Htext53                                            text53       000000
__Htext6                                             text6        000000
__Htext7                                             text7        000000
__Htext8                                             text8        000000
__Htext9                                             text9        000000
__LRAM                                               (abs)        000001
__L__absolute__                                      __absolute__ 000000
__Labs1                                              abs1         000000
__Lbank0                                             bank0        000000
__Lbank1                                             bank1        000000
__Lbank10                                            bank10       000000
__Lbank11                                            bank11       000000
__Lbank12                                            bank12       000000
__Lbank13                                            bank13       000000
__Lbank14                                            bank14       000000
__Lbank15                                            bank15       000000
__Lbank2                                             bank2        000000
__Lbank3                                             bank3        000000
__Lbank4                                             bank4        000000
__Lbank5                                             bank5        000000
__Lbank6                                             bank6        000000
__Lbank7                                             bank7        000000
__Lbank8                                             bank8        000000
__Lbank9                                             bank9        000000
__Lbigbss                                            bigbss       000000
__Lbigdata                                           bigdata      000000
__Lbigram                                            bigram       000000
__Lbigsfr                                            bigsfr       000000
__Lbss                                               bss          000000
__LbssBANK0                                          bssBANK0     000000
__LbssCOMRAM                                         bssCOMRAM    000000
__Lcinit                                             cinit        000000
__Lclrtext                                           clrtext      000000
__Lcomram                                            comram       000000
__Lconfig                                            config       000000
__Lconst                                             const        000000
__LcstackBANK0                                       cstackBANK0  000000
__LcstackBANK1                                       cstackBANK1  000000
__LcstackCOMRAM                                      cstackCOMRAM 000000
__Ldata                                              data         000000
__LdataBANK0                                         dataBANK0    000000
__LdataCOMRAM                                        dataCOMRAM   000000
__Leeprom_data                                       eeprom_data  000000
__Lfarbss                                            farbss       000000
__Lfardata                                           fardata      000000
__Lheap                                              heap         000000
__Libigdata                                          ibigdata     000000
__Lidata                                             idata        000000
__LidataBANK0                                        idataBANK0   000000
__LidataCOMRAM                                       idataCOMRAM  000000
__Lidloc                                             idloc        000000
__Lifardata                                          ifardata     000000
__Linit                                              init         00000E
__Lintcode                                           intcode      000008
__Lintcode_body                                      intcode_body 000000
__Lintcodelo                                         intcodelo    00000E
__Lintentry                                          intentry     000000
__Lintret                                            intret       000000
__Lintsave_regs                                      intsave_regs 000000
__Lirdata                                            irdata       000000
__Lmediumconst                                       mediumconst  000000
__LnvFARRAM                                          nvFARRAM     000000
__Lnvbit                                             nvbit        000000
__Lnvrram                                            nvrram       000000
__Lparam                                             rparam       000000
__Lpowerup                                           powerup      00000E
__Lram                                               ram          000000
__Lramtop                                            ramtop       001000
__Lrbit                                              rbit         000000
__Lrbss                                              rbss         000000
__Lrdata                                             rdata        000000
__Lreset_vec                                         reset_vec    000000
__Lrparam                                            rparam       000000
__Lsfr                                               sfr          000000
__Lsmallconst                                        smallconst   001000
__Lspace_0                                           (abs)        000000
__Lspace_1                                           (abs)        000000
__Lspace_2                                           (abs)        000000
__Lspace_4                                           (abs)        000000
__Lstack                                             stack        000000
__Lstruct                                            struct       000000
__Ltemp                                              temp         000066
__Ltext                                              text         000000
__Ltext0                                             text0        000000
__Ltext1                                             text1        000000
__Ltext10                                            text10       000000
__Ltext11                                            text11       000000
__Ltext12                                            text12       000000
__Ltext13                                            text13       000000
__Ltext14                                            text14       000000
__Ltext15                                            text15       000000
__Ltext16                                            text16       000000
__Ltext17                                            text17       000000
__Ltext18                                            text18       000000
__Ltext19                                            text19       000000
__Ltext2                                             text2        000000
__Ltext20                                            text20       000000
__Ltext21                                            text21       000000
__Ltext22                                            text22       000000
__Ltext24                                            text24       000000
__Ltext25                                            text25       000000
__Ltext26                                            text26       000000
__Ltext27                                            text27       000000
__Ltext28                                            text28       000000
__Ltext29                                            text29       000000
__Ltext3                                             text3        000000
__Ltext30                                            text30       000000
__Ltext31                                            text31       000000
__Ltext32                                            text32       000000
__Ltext33                                            text33       000000
__Ltext34                                            text34       000000
__Ltext35                                            text35       000000
__Ltext36                                            text36       000000
__Ltext37                                            text37       000000
__Ltext38                                            text38       000000
__Ltext39                                            text39       000000
__Ltext4                                             text4        000000
__Ltext40                                            text40       000000
__Ltext41                                            text41       000000
__Ltext42                                            text42       000000
__Ltext43                                            text43       000000
__Ltext44                                            text44       000000
__Ltext45                                            text45       000000
__Ltext46                                            text46       000000
__Ltext47                                            text47       000000
__Ltext48                                            text48       000000
__Ltext49                                            text49       000000
__Ltext5                                             text5        000000
__Ltext50                                            text50       000000
__Ltext51                                            text51       000000
__Ltext52                                            text52       000000
__Ltext53                                            text53       000000
__Ltext6                                             text6        000000
__Ltext7                                             text7        000000
__Ltext8                                             text8        000000
__Ltext9                                             text9        000000
__S0                                                 (abs)        00343E
__S1                                                 (abs)        000112
__S4                                                 (abs)        000000
__S5                                                 (abs)        000000
___fladd                                             text7        001528
___fladd@a                                           cstackBANK0  0000EA
___fladd@aexp                                        cstackBANK0  0000EF
___fladd@b                                           cstackBANK0  0000E6
___fladd@bexp                                        cstackBANK0  0000F0
___fladd@grs                                         cstackBANK0  0000F1
___fladd@signs                                       cstackBANK0  0000EE
___fldiv                                             text6        001E20
___fldiv@a                                           cstackCOMRAM 00002C
___fldiv@aexp                                        cstackCOMRAM 000040
___fldiv@b                                           cstackCOMRAM 000028
___fldiv@bexp                                        cstackCOMRAM 00003F
___fldiv@grs                                         cstackCOMRAM 00003B
___fldiv@new_exp                                     cstackCOMRAM 000039
___fldiv@rem                                         cstackCOMRAM 000034
___fldiv@sign                                        cstackCOMRAM 000038
___fltol                                             text5        002950
___fltol@exp1                                        cstackCOMRAM 000023
___fltol@f1                                          cstackCOMRAM 00001A
___fltol@sign1                                       cstackCOMRAM 000022
___heap_hi                                           (abs)        000000
___heap_lo                                           (abs)        000000
___inthi_sp                                          stack        000000
___intlo_sp                                          stack        000000
___param_bank                                        (abs)        000000
___rparam_used                                       (abs)        000001
___sp                                                stack        000000
___xxtofl                                            text4        0021BA
___xxtofl@arg                                        cstackCOMRAM 000024
___xxtofl@exp                                        cstackCOMRAM 000023
___xxtofl@sign                                       cstackCOMRAM 000022
___xxtofl@val                                        cstackCOMRAM 00001A
__accesstop                                          (abs)        000080
__activetblptr                                       (abs)        000003
__end_of_ADC_ISR                                     text52       00343E
__end_of_CCP1_ISR                                    text51       00343A
__end_of_CCP2_ISR                                    text50       003436
__end_of_INT0_ISR                                    text49       003432
__end_of_INT1_ISR                                    text48       00342E
__end_of_INT2_ISR                                    text47       00342A
__end_of_InterruptManager                            intcode_body 001E20
__end_of_MSSP_I2C_BC_ISR                             text46       003426
__end_of_MSSP_I2C_ISR                                text45       003422
__end_of_RB4_ISR                                     text44       0033BC
__end_of_RB5_ISR                                     text43       0033A2
__end_of_RB6_ISR                                     text42       003388
__end_of_RB7_ISR                                     text41       00336E
__end_of_TMR0_ISR                                    text40       0033FE
__end_of_TMR1_ISR                                    text39       0033F2
__end_of_TMR2_ISR                                    text38       003406
__end_of_TMR3_ISR                                    text37       0033E6
__end_of_USART_ASYNCRONOUS_RX_Init                   text9        002C38
__end_of_USART_ASYNCRONOUS_TX_Init                   text8        002CEC
__end_of_USART_Asynchronous_Initialize               text2        003206
__end_of_USART_Asynchronous_ReadByte_NonBlocking     text36       0032F8
__end_of_USART_Asynchronous_Restart_RX               text34       00341E
__end_of_USART_Asynchronous_WriteByte_Blocking       text32       003354
__end_of_USART_Asynchronous_WriteString_Blocking     text31       003162
__end_of_USART_Baud_Rate_Calculation                 text3        001528
__end_of_USART_FramingDefaultErrorHandler            text35       0033DA
__end_of_USART_OverrunDefaultErrorHandler            text33       003418
__end_of_USART_RX_ISR                                text26       002DFC
__end_of_USART_RxDefaultInterruptHandler             text27       002B5C
__end_of_USART_TX_ISR                                text24       0032CE
__end_of_USART_TxDefaultInterruptHandler             text25       0033CC
__end_of___fladd                                     text7        0019EA
__end_of___fldiv                                     text6        0021BA
__end_of___fltol                                     text5        002A56
__end_of___xxtofl                                    text4        00236E
__end_of__initialization                             cinit        003102
__end_of_application_intialize                       text11       003412
__end_of_btn_values                                  smallconst   001011
__end_of_ecu_layer_intialize                         text12       00333A
__end_of_gpio_pin_direction_intialize                text22       0024B2
__end_of_gpio_pin_intialize                          text20       003042
__end_of_gpio_pin_write_logic                        text21       0025DE
__end_of_lcd_4bit_intialize                          text16       00282E
__end_of_lcd_4bit_send_command                       text17       002FD6
__end_of_lcd_4bit_send_enable_signal                 text19       003272
__end_of_lcd_8bit_intialize                          text13       002706
__end_of_lcd_8bit_send_command                       text14       002D7C
__end_of_lcd_8bit_send_enable_signal                 text15       00323C
__end_of_lcd_send_4bits                              text18       0030AA
__end_of_led_initialize                              text10       002E78
__end_of_led_turn_off                                text29       002F64
__end_of_led_turn_on                                 text28       002EEE
__end_of_main                                        text0        003320
__end_of_usart_module_int_init                       text1        0031B4
__end_ofi2_gpio_pin_write_logic                      text30       002950
__initialization                                     cinit        0030AA
__mediumconst                                        mediumconst  000000
__pbssBANK0                                          bssBANK0     000080
__pbssCOMRAM                                         bssCOMRAM    000047
__pcinit                                             cinit        0030AA
__pcstackBANK0                                       cstackBANK0  0000E6
__pcstackBANK1                                       cstackBANK1  000100
__pcstackCOMRAM                                      cstackCOMRAM 000001
__pdataBANK0                                         dataBANK0    0000B8
__pdataCOMRAM                                        dataCOMRAM   000060
__pidataBANK0                                        idataBANK0   003272
__pidataCOMRAM                                       idataCOMRAM  003406
__pintcode                                           intcode      000008
__pintcode_body                                      intcode_body 0019EA
__psmallconst                                        smallconst   001000
__ptext0                                             text0        0032F8
__ptext1                                             text1        003162
__ptext10                                            text10       002DFC
__ptext11                                            text11       00340C
__ptext12                                            text12       003320
__ptext13                                            text13       0025DE
__ptext14                                            text14       002CEC
__ptext15                                            text15       003206
__ptext16                                            text16       002706
__ptext17                                            text17       002F64
__ptext18                                            text18       003042
__ptext19                                            text19       00323C
__ptext2                                             text2        0031B4
__ptext20                                            text20       002FD6
__ptext21                                            text21       0024B2
__ptext22                                            text22       00236E
__ptext24                                            text24       0032A0
__ptext25                                            text25       0033BC
__ptext26                                            text26       002D7C
__ptext27                                            text27       002A56
__ptext28                                            text28       002E78
__ptext29                                            text29       002EEE
__ptext3                                             text3        00103C
__ptext30                                            text30       00282E
__ptext31                                            text31       00310C
__ptext32                                            text32       00333A
__ptext33                                            text33       003412
__ptext34                                            text34       003418
__ptext35                                            text35       0033CC
__ptext36                                            text36       0032CE
__ptext37                                            text37       0033DA
__ptext38                                            text38       0033FE
__ptext39                                            text39       0033E6
__ptext4                                             text4        0021BA
__ptext40                                            text40       0033F2
__ptext41                                            text41       003354
__ptext42                                            text42       00336E
__ptext43                                            text43       003388
__ptext44                                            text44       0033A2
__ptext45                                            text45       00341E
__ptext46                                            text46       003422
__ptext47                                            text47       003426
__ptext48                                            text48       00342A
__ptext49                                            text49       00342E
__ptext5                                             text5        002950
__ptext50                                            text50       003432
__ptext51                                            text51       003436
__ptext52                                            text52       00343A
__ptext53                                            text53       000000
__ptext6                                             text6        001E20
__ptext7                                             text7        001528
__ptext8                                             text8        002C38
__ptext9                                             text9        002B5C
__ramtop                                             ramtop       001000
__smallconst                                         smallconst   001000
_application_intialize                               text11       00340C
_btn_values                                          smallconst   001001
_ecu_layer_intialize                                 text12       003320
_gpio_pin_direction_intialize                        text22       00236E
_gpio_pin_intialize                                  text20       002FD6
_gpio_pin_write_logic                                text21       0024B2
_lat_registers                                       dataBANK0    0000C2
_lcd_1                                               dataBANK0    0000E0
_lcd_2                                               dataBANK0    0000D6
_lcd_4bit_intialize                                  text16       002706
_lcd_4bit_send_command                               text17       002F64
_lcd_4bit_send_enable_signal                         text19       00323C
_lcd_8bit_intialize                                  text13       0025DE
_lcd_8bit_send_command                               text14       002CEC
_lcd_8bit_send_enable_signal                         text15       003206
_lcd_send_4bits                                      text18       003042
_led1                                                dataCOMRAM   000065
_led2                                                dataCOMRAM   000064
_led_initialize                                      text10       002DFC
_led_turn_off                                        text29       002EEE
_led_turn_on                                         text28       002E78
_main                                                text0        0032F8
_port_registers                                      dataBANK0    0000B8
_receive_usart_data                                  bssCOMRAM    00005F
_timer0_preload                                      bssCOMRAM    000053
_timer1_preload                                      bssCOMRAM    000051
_timer2_preload                                      bssCOMRAM    000057
_timer3_preload                                      bssCOMRAM    00004F
_tris_registers                                      dataBANK0    0000CC
_usart_module_int_init                               text1        003162
_valid_usart_rx                                      bssBANK0     000086
_valid_usart_tx                                      bssBANK0     00008A
btemp                                                temp         000066
end_of_initialization                                cinit        003102
gpio_pin_direction_intialize@_pin_config             cstackCOMRAM 00001A
gpio_pin_direction_intialize@ret                     cstackCOMRAM 000022
gpio_pin_intialize@_pin_config                       cstackCOMRAM 000024
gpio_pin_intialize@ret                               cstackCOMRAM 000027
gpio_pin_write_logic@_pin_config                     cstackCOMRAM 00001A
gpio_pin_write_logic@logic                           cstackCOMRAM 00001C
gpio_pin_write_logic@ret                             cstackCOMRAM 000023
i2_gpio_pin_write_logic                              text30       00282E
i2gpio_pin_write_logic@_pin_config                   cstackCOMRAM 000001
i2gpio_pin_write_logic@logic                         cstackCOMRAM 000003
int$flags                                            temp         000066
int_func                                             intcode_body 0019EA
intlevel0                                            text         000000
intlevel1                                            text         000000
intlevel2                                            text         000000
intlevel3                                            text         000000
isa$std                                              (abs)        000001
isa$xinst                                            (abs)        000000
lcd_4bit_intialize@l_data_pins_counter               cstackCOMRAM 000030
lcd_4bit_intialize@lcd                               cstackCOMRAM 00002C
lcd_4bit_intialize@ret                               cstackCOMRAM 000031
lcd_4bit_send_command@command                        cstackCOMRAM 00002A
lcd_4bit_send_command@lcd                            cstackCOMRAM 000028
lcd_4bit_send_command@ret                            cstackCOMRAM 00002B
lcd_4bit_send_enable_signal@lcd                      cstackCOMRAM 000024
lcd_4bit_send_enable_signal@ret                      cstackCOMRAM 000026
lcd_8bit_intialize@l_data_pins_counter               cstackCOMRAM 000034
lcd_8bit_intialize@lcd                               cstackCOMRAM 000030
lcd_8bit_intialize@ret                               cstackCOMRAM 000035
lcd_8bit_send_command@command                        cstackCOMRAM 000029
lcd_8bit_send_command@l_pin_counter                  cstackCOMRAM 00002F
lcd_8bit_send_command@lcd                            cstackCOMRAM 000027
lcd_8bit_send_command@ret                            cstackCOMRAM 00002E
lcd_8bit_send_enable_signal@lcd                      cstackCOMRAM 000024
lcd_8bit_send_enable_signal@ret                      cstackCOMRAM 000026
lcd_send_4bits@_data_command                         cstackCOMRAM 000026
lcd_send_4bits@lcd                                   cstackCOMRAM 000024
lcd_send_4bits@ret                                   cstackCOMRAM 000027
led_initialize@F3048                                 bssCOMRAM    00005E
led_initialize@led                                   cstackCOMRAM 000028
led_initialize@pin_obj                               cstackCOMRAM 00002C
led_initialize@ret                                   cstackCOMRAM 00002B
led_turn_off@F3058                                   bssCOMRAM    00005C
led_turn_off@led                                     cstackCOMRAM 00000A
led_turn_off@pin_obj                                 cstackCOMRAM 00000D
led_turn_on@F3053                                    bssCOMRAM    00005D
led_turn_on@led                                      cstackCOMRAM 00000A
led_turn_on@pin_obj                                  cstackCOMRAM 00000D
led_turn_toggle@F3063                                bssCOMRAM    00005B
relay_initialize@F3042                               bssCOMRAM    00005A
relay_turn_off@F3052                                 bssCOMRAM    000058
relay_turn_on@F3047                                  bssCOMRAM    000059
stackhi                                              (abs)        000000
stacklo                                              (abs)        000000
start                                                init         00000E
start_initialization                                 cinit        0030AA
ttemp5                                               temp         000067
ttemp6                                               temp         00006A
ttemp7                                               temp         00006E
usart_module_int_init@usart_obj                      cstackBANK1  000100
wtemp8                                               temp         000067


MODULE INFORMATION

Module		Function		Class		Link	Load	Size
C:\Program Files\Microchip\xc8\v2.41\pic\sources\c99\common\fltol.c
		___fltol       		CODE           	2950	0000	262

C:\Program Files\Microchip\xc8\v2.41\pic\sources\c99\common\fltol.c estimated size: 262

C:\Program Files\Microchip\xc8\v2.41\pic\sources\c99\common\xxtofl.c
		___xxtofl      		CODE           	21BA	0000	436

C:\Program Files\Microchip\xc8\v2.41\pic\sources\c99\common\xxtofl.c estimated size: 436

C:\Program Files\Microchip\xc8\v2.41\pic\sources\c99\common\sprcadd.c
		___fladd       		CODE           	1528	0000	1218

C:\Program Files\Microchip\xc8\v2.41\pic\sources\c99\common\sprcadd.c estimated size: 1218

ECU_Layer/Chr_LCD/ecu_chr_lcd.c
		_lcd_8bit_intialize		CODE           	25DE	0000	296
		_lcd_8bit_send_enable_signal		CODE           	3206	0000	54
		_lcd_4bit_send_command		CODE           	2F64	0000	114
		_lcd_send_4bits		CODE           	3042	0000	104
		_lcd_4bit_intialize		CODE           	2706	0000	296
		_lcd_4bit_send_enable_signal		CODE           	323C	0000	54
		_lcd_8bit_send_command		CODE           	2CEC	0000	144

ECU_Layer/Chr_LCD/ecu_chr_lcd.c estimated size: 1062

MCAL_Layer/I2C/hal_i2c.c
		_MSSP_I2C_ISR  		CODE           	341E	0000	4
		_MSSP_I2C_BC_ISR		CODE           	3422	0000	4

MCAL_Layer/I2C/hal_i2c.c estimated size: 8

shared
		_btn_values    		SMALLCONST     	1001	0000	16
		__initialization		CODE           	30AA	0000	88
		i2_gpio_pin_write_logic		CODE           	282E	0000	290

shared estimated size: 394

MCAL_Layer/Interrupt/mcal_external_interrupt.c
		_RB4_ISR       		CODE           	33A2	0000	26
		_RB5_ISR       		CODE           	3388	0000	26
		_RB6_ISR       		CODE           	336E	0000	26
		_RB7_ISR       		CODE           	3354	0000	26
		_INT0_ISR      		CODE           	342E	0000	4
		_INT1_ISR      		CODE           	342A	0000	4
		_INT2_ISR      		CODE           	3426	0000	4

MCAL_Layer/Interrupt/mcal_external_interrupt.c estimated size: 116

MCAL_Layer/ADC/hal_adc.c
		_ADC_ISR       		CODE           	343A	0000	4

MCAL_Layer/ADC/hal_adc.c estimated size: 4

MCAL_Layer/Interrupt/mcal_interrupt_manager.c
		_InterruptManager		CODE           	0008	0000	1084

MCAL_Layer/Interrupt/mcal_interrupt_manager.c estimated size: 1084

MCAL_Layer/USART/hal_usart.c
		_USART_Asynchronous_WriteString_Blocking		CODE           	310C	0000	86
		_USART_RX_ISR  		CODE           	2D7C	0000	128
		_USART_Baud_Rate_Calculation		CODE           	103C	0000	1260
		_USART_Asynchronous_Restart_RX		CODE           	3418	0000	6
		_USART_ASYNCRONOUS_RX_Init		CODE           	2B5C	0000	220
		_USART_TX_ISR  		CODE           	32A0	0000	46
		_USART_ASYNCRONOUS_TX_Init		CODE           	2C38	0000	180
		_USART_Asynchronous_WriteByte_Blocking		CODE           	333A	0000	26
		_USART_Asynchronous_Initialize		CODE           	31B4	0000	82
		_USART_Asynchronous_ReadByte_NonBlocking		CODE           	32CE	0000	42

MCAL_Layer/USART/hal_usart.c estimated size: 2076

MCAL_Layer/GPIO/hal_gpio.c
		_gpio_pin_write_logic		CODE           	24B2	0000	300
		_gpio_pin_intialize		CODE           	2FD6	0000	108
		_gpio_pin_direction_intialize		CODE           	236E	0000	324

MCAL_Layer/GPIO/hal_gpio.c estimated size: 732

ECU_Layer/LED/ecu_led.c
		_led_initialize		CODE           	2DFC	0000	124
		_led_turn_on   		CODE           	2E78	0000	118
		_led_turn_off  		CODE           	2EEE	0000	118

ECU_Layer/LED/ecu_led.c estimated size: 360

ECU_Layer/ecu_layer_init.c
		_ecu_layer_intialize		CODE           	3320	0000	26

ECU_Layer/ecu_layer_init.c estimated size: 26

application.c
		_USART_OverrunDefaultErrorHandler		CODE           	3412	0000	6
		_main          		CODE           	32F8	0000	40
		_application_intialize		CODE           	340C	0000	6
		_USART_RxDefaultInterruptHandler		CODE           	2A56	0000	262
		_usart_module_int_init		CODE           	3162	0000	82
		_USART_FramingDefaultErrorHandler		CODE           	33CC	0000	14
		_USART_TxDefaultInterruptHandler		CODE           	33BC	0000	16

application.c estimated size: 426

MCAL_Layer/Timer3/hal_timer3.c
		_TMR3_ISR      		CODE           	33DA	0000	12

MCAL_Layer/Timer3/hal_timer3.c estimated size: 12

MCAL_Layer/Timer2/hal_timer2.c
		_TMR2_ISR      		CODE           	33FE	0000	8

MCAL_Layer/Timer2/hal_timer2.c estimated size: 8

MCAL_Layer/Timer1/hal_timer1.c
		_TMR1_ISR      		CODE           	33E6	0000	12

MCAL_Layer/Timer1/hal_timer1.c estimated size: 12

MCAL_Layer/Timer0/hal_timer0.c
		_TMR0_ISR      		CODE           	33F2	0000	12

MCAL_Layer/Timer0/hal_timer0.c estimated size: 12

MCAL_Layer/CCP/hal_ccp.c
		_CCP1_ISR      		CODE           	3436	0000	4
		_CCP2_ISR      		CODE           	3432	0000	4

MCAL_Layer/CCP/hal_ccp.c estimated size: 8

C:\Program Files\Microchip\xc8\v2.41\pic\sources\c99\common\sprcdiv.c
		___fldiv       		CODE           	1E20	0000	922

C:\Program Files\Microchip\xc8\v2.41\pic\sources\c99\common\sprcdiv.c estimated size: 922

